// Vitest Snapshot v1, https://vitest.dev/guide/snapshot.html

exports[`CoreCheckboxInput > should filter invalid Attributes props 1`] = `
<div
  class="CoreHTML"
  data-writer-container=""
  style="color: red;"
  valid="valid"
>
  
  slot
  
  <div>
    inside
  </div>
</div>
`;
